2025-07-28T13:51:15.318+07:00  INFO 21128 --- [demo.websocket] [main] com.example.demo.websocket.Application   : Starting Application using Java 17.0.3 with PID 21128 (C:\Users\Wdibao\Main\Downloads\demo.websocket\demo.websocket\target\classes started by Wdibao in C:\Users\Wdibao\Main\Downloads\demo.websocket\demo.websocket)
2025-07-28T13:51:15.320+07:00 DEBUG 21128 --- [demo.websocket] [main] com.example.demo.websocket.Application   : Running with Spring Boot v3.5.3, Spring v6.2.8
2025-07-28T13:51:15.321+07:00  INFO 21128 --- [demo.websocket] [main] com.example.demo.websocket.Application   : No active profile set, falling back to 1 default profile: "default"
2025-07-28T13:51:15.955+07:00  INFO 21128 --- [demo.websocket] [main] .s.d.r.c.RepositoryConfigurationDelegate : Bootstrapping Spring Data MongoDB repositories in DEFAULT mode.
2025-07-28T13:51:16.018+07:00  INFO 21128 --- [demo.websocket] [main] .s.d.r.c.RepositoryConfigurationDelegate : Finished Spring Data repository scanning in 55 ms. Found 1 MongoDB repository interface.
2025-07-28T13:51:16.531+07:00  INFO 21128 --- [demo.websocket] [main] o.s.b.w.embedded.tomcat.TomcatWebServer  : Tomcat initialized with port 4000 (http)
2025-07-28T13:51:16.546+07:00  INFO 21128 --- [demo.websocket] [main] o.apache.catalina.core.StandardService   : Starting service [Tomcat]
2025-07-28T13:51:16.547+07:00  INFO 21128 --- [demo.websocket] [main] o.apache.catalina.core.StandardEngine    : Starting Servlet engine: [Apache Tomcat/10.1.42]
2025-07-28T13:51:16.655+07:00  INFO 21128 --- [demo.websocket] [main] o.a.c.c.C.[Tomcat].[localhost].[/]       : Initializing Spring embedded WebApplicationContext
2025-07-28T13:51:16.656+07:00  INFO 21128 --- [demo.websocket] [main] w.s.c.ServletWebServerApplicationContext : Root WebApplicationContext: initialization completed in 1300 ms
2025-07-28T13:51:16.971+07:00  INFO 21128 --- [demo.websocket] [main] org.mongodb.driver.client                : MongoClient with metadata {"driver": {"name": "mongo-java-driver|sync|spring-boot", "version": "5.5.1"}, "os": {"type": "Windows", "name": "Windows 11", "architecture": "amd64", "version": "10.0"}, "platform": "Java/Eclipse Adoptium/17.0.3+7"} created with settings MongoClientSettings{readPreference=primary, writeConcern=WriteConcern{w=null, wTimeout=null ms, journal=null}, retryWrites=true, retryReads=true, readConcern=ReadConcern{level=null}, credential=null, transportSettings=null, commandListeners=[], codecRegistry=ProvidersCodecRegistry{codecProviders=[ValueCodecProvider{}, BsonValueCodecProvider{}, DBRefCodecProvider{}, DBObjectCodecProvider{}, DocumentCodecProvider{}, CollectionCodecProvider{}, IterableCodecProvider{}, MapCodecProvider{}, GeoJsonCodecProvider{}, GridFSFileCodecProvider{}, Jsr310CodecProvider{}, JsonObjectCodecProvider{}, BsonCodecProvider{}, EnumCodecProvider{}, com.mongodb.client.model.mql.ExpressionCodecProvider@5a622fe8, com.mongodb.Jep395RecordCodecProvider@58f31629, com.mongodb.KotlinCodecProvider@124d26ba]}, loggerSettings=LoggerSettings{maxDocumentLength=1000}, clusterSettings={hosts=[localhost:27017], srvServiceName=mongodb, mode=SINGLE, requiredClusterType=UNKNOWN, requiredReplicaSetName='null', serverSelector='null', clusterListeners='[]', serverSelectionTimeout='30000 ms', localThreshold='15 ms'}, socketSettings=SocketSettings{connectTimeoutMS=10000, readTimeoutMS=0, receiveBufferSize=0, proxySettings=ProxySettings{host=null, port=null, username=null, password=null}}, heartbeatSocketSettings=SocketSettings{connectTimeoutMS=10000, readTimeoutMS=10000, receiveBufferSize=0, proxySettings=ProxySettings{host=null, port=null, username=null, password=null}}, connectionPoolSettings=ConnectionPoolSettings{maxSize=100, minSize=0, maxWaitTimeMS=120000, maxConnectionLifeTimeMS=0, maxConnectionIdleTimeMS=0, maintenanceInitialDelayMS=0, maintenanceFrequencyMS=60000, connectionPoolListeners=[], maxConnecting=2}, serverSettings=ServerSettings{heartbeatFrequencyMS=10000, minHeartbeatFrequencyMS=500, serverMonitoringMode=AUTO, serverListeners='[]', serverMonitorListeners='[]'}, sslSettings=SslSettings{enabled=false, invalidHostNameAllowed=false, context=null}, applicationName='null', compressorList=[], uuidRepresentation=JAVA_LEGACY, serverApi=null, autoEncryptionSettings=null, dnsClient=null, inetAddressResolver=null, contextProvider=null, timeoutMS=null}
2025-07-28T13:51:16.987+07:00  INFO 21128 --- [demo.websocket] [cluster-ClusterId{value='68871de4a0d828c22f48b37c', description='null'}-localhost:27017] org.mongodb.driver.cluster               : Exception in monitor thread while connecting to server localhost:27017

com.mongodb.MongoSocketOpenException: Exception opening socket
	at com.mongodb.internal.connection.SocketStream.lambda$open$0(SocketStream.java:85) ~[mongodb-driver-core-5.5.1.jar:na]
	at java.base/java.util.Optional.orElseThrow(Optional.java:403) ~[na:na]
	at com.mongodb.internal.connection.SocketStream.open(SocketStream.java:85) ~[mongodb-driver-core-5.5.1.jar:na]
	at com.mongodb.internal.connection.InternalStreamConnection.open(InternalStreamConnection.java:233) ~[mongodb-driver-core-5.5.1.jar:na]
	at com.mongodb.internal.connection.DefaultServerMonitor$ServerMonitor.lookupServerDescription(DefaultServerMonitor.java:219) ~[mongodb-driver-core-5.5.1.jar:na]
	at com.mongodb.internal.connection.DefaultServerMonitor$ServerMonitor.run(DefaultServerMonitor.java:176) ~[mongodb-driver-core-5.5.1.jar:na]
Caused by: java.net.ConnectException: Connection refused: no further information
	at java.base/sun.nio.ch.Net.pollConnect(Native Method) ~[na:na]
	at java.base/sun.nio.ch.Net.pollConnectNow(Net.java:672) ~[na:na]
	at java.base/sun.nio.ch.NioSocketImpl.timedFinishConnect(NioSocketImpl.java:542) ~[na:na]
	at java.base/sun.nio.ch.NioSocketImpl.connect(NioSocketImpl.java:597) ~[na:na]
	at java.base/java.net.SocksSocketImpl.connect(SocksSocketImpl.java:327) ~[na:na]
	at java.base/java.net.Socket.connect(Socket.java:633) ~[na:na]
	at com.mongodb.internal.connection.SocketStreamHelper.initialize(SocketStreamHelper.java:76) ~[mongodb-driver-core-5.5.1.jar:na]
	at com.mongodb.internal.connection.SocketStream.initializeSocket(SocketStream.java:104) ~[mongodb-driver-core-5.5.1.jar:na]
	at com.mongodb.internal.connection.SocketStream.open(SocketStream.java:79) ~[mongodb-driver-core-5.5.1.jar:na]
	... 3 common frames omitted

2025-07-28T13:51:17.400+07:00  INFO 21128 --- [demo.websocket] [main] o.s.b.a.w.s.WelcomePageHandlerMapping    : Adding welcome page: class path resource [static/index.html]
2025-07-28T13:51:17.594+07:00  INFO 21128 --- [demo.websocket] [main] o.s.m.s.b.SimpleBrokerMessageHandler     : Starting...
2025-07-28T13:51:17.596+07:00  INFO 21128 --- [demo.websocket] [main] o.s.m.s.b.SimpleBrokerMessageHandler     : BrokerAvailabilityEvent[available=true, SimpleBrokerMessageHandler [org.springframework.messaging.simp.broker.DefaultSubscriptionRegistry@5dae5a70]]
2025-07-28T13:51:17.597+07:00  INFO 21128 --- [demo.websocket] [main] o.s.m.s.b.SimpleBrokerMessageHandler     : Started.
2025-07-28T13:51:17.615+07:00  INFO 21128 --- [demo.websocket] [main] o.s.b.w.embedded.tomcat.TomcatWebServer  : Tomcat started on port 4000 (http) with context path '/'
2025-07-28T13:51:17.622+07:00  INFO 21128 --- [demo.websocket] [main] com.example.demo.websocket.Application   : Started Application in 2.794 seconds (process running for 3.242)
